// Jest Snapshot v1, https://goo.gl/fbAQLP

exports[`renders commit correctly 1`] = `
<div
  style={
    Object {
      "display": "flex",
      "flexDirection": "row",
      "justifyContent": "space-between",
      "paddingLeft": "1em",
    }
  }
>
  AAAAAA
  : 
  This is a commit message
  <div
    style={
      Object {
        "opacity": ".5",
        "paddingLeft": "0.5em",
      }
    }
  >
    Object {
      "ago": [Function],
    }
  </div>
</div>
`;
